Microchip MPLAB XC8 Compiler V1.36 ()

Linker command line:

--edf=/opt/microchip/xc8/v1.36/dat/en_msgs.txt -cs -h+pic18F4580.sym \
  --cmf=pic18F4580.cmf -z -Q18F4580 -o/tmp/xcX3wYOsv -Mpic18F4580.map \
  -ver=XC8 -ASTACK=0BDh-05ffh -pstack=STACK -ACODE=00h-03000h \
  -ACONST=00h-03000h -ASMALLCONST=0600h-06FFhx42,03000h-03000h \
  -AMEDIUMCONST=0600h-03000h -ACOMRAM=01h-05Fh -AABS1=00h-05FFh \
  -ABIGRAM=01h-05FFh -ARAM=060h-0FFh,0100h-01FFhx5 -ABANK0=060h-0FFh \
  -ABANK1=0100h-01FFh -ABANK2=0200h-02FFh -ABANK3=0300h-03FFh \
  -ABANK4=0400h-04FFh -ABANK5=0500h-05FFh \
  -ASFR=0D00h-0DFFhx2,0F00h-0F5Fh,0F60h-0FFFh \
  -preset_vec=00h,intcode=08h,intcodelo,powerup,init,end_init \
  -pramtop=0600h -psmallconst=SMALLCONST -pmediumconst=MEDIUMCONST \
  -pconst=CONST -AFARRAM=00h-00h -ACONFIG=0300000h-030000Dh -pconfig=CONFIG \
  -AIDLOC=0200000h-0200007h -pidloc=IDLOC -AEEDATA=0F00000h-0F000FFh \
  -peeprom_data=EEDATA \
  -prdata=COMRAM,nvrram=COMRAM,nvbit=COMRAM,rbss=COMRAM,rbit=COMRAM \
  -pfarbss=FARRAM,fardata=FARRAM,nvFARRAM=FARRAM \
  -pintsave_regs=BIGRAM,bigbss=BIGRAM,bigdata=BIGRAM -pbss=RAM \
  -pidata=CODE,irdata=CODE,ibigdata=CODE,ifardata=CODE -prparam=COMRAM \
  startup.obj pic18F4580.obj 

Object code version is 3.11

Machine type is 18F4580

Call graph: (short form)




                Name                               Link     Load   Length Selector   Space Scale
startup.obj     end_init                             16       16        4        4       0
                reset_vec                             0        0        4        0       0
                config                           300000   300000        8   300000       0
pic18F4580.obj  intcode                               8        8        E        4       0
                temp                                 50       50        1        1       1
                mediumconst                        2EBC     2EBC      144     175E       0
                intcode_body                        FB4      FB4       B4        4       0
                text48                             181A     181A       28        4       0
                text47                             1486     1486       60        4       0
                text46                              E7A      E7A      13A        4       0
                text45                             1104     1104       84        4       0
                text44                             127A     127A       70        4       0
                text43                             1868     1868       26        4       0
                text42                             17C4     17C4       2C        4       0
                text41                             1750     1750       3E        4       0
                text40                             1982     1982        C        4       0
                text39                             15E8     15E8       52        4       0
                text38                             193A     193A       12        4       0
                text37                             1068     1068       9C        4       0
                text36                             18E8     18E8       18        4       0
                text35                             14E6     14E6       5A        4       0
                text34                             1202     1202       78        4       0
                text33                             170E     170E       42        4       0
                text32                             1686     1686       46        4       0
                text31                              860      860      246        4       0
                text30                             19B8     19B8        8        4       0
                text29                             19B0     19B0        8        4       0
                text28                             19A8     19A8        8        4       0
                text27                             1976     1976        C        4       0
                text26                             18B0     18B0       1E        4       0
                text25                               1A       1A      34C        4       0
                text24                              CB0      CB0      1CA        4       0
                text23                              AA6      AA6      20A        4       0
                text22                             1596     1596       52        4       0
                text21                             16CC     16CC       42        4       0
                text20                             1354     1354       68        4       0
                text19                             1928     1928       12        4       0
                text18                             19C0     19C0        6        4       0
                text17                             19A0     19A0        8        4       0
                text16                             196A     196A        C        4       0
                text15                             1998     1998        8        4       0
                text14                             17F0     17F0       2A        4       0
                text13                             1188     1188       7A        4       0
                text12                             188E     188E       22        4       0
                text11                             178E     178E       36        4       0
                text10                             1540     1540       56        4       0
                text9                              1900     1900       16        4       0
                text8                              1916     1916       12        4       0
                text7                              194C     194C       10        4       0
                text6                              18CE     18CE       1A        4       0
                text5                               60E      60E      252        4       0
                text4                              1842     1842       26        4       0
                text3                              163A     163A       4C        4       0
                text2                              1422     1422       64        4       0
                text1                              12EA     12EA       6A        4       0
                text0                               366      366      2A8        4       0
                cstackCOMRAM                          1        1       3B        1       1
                cstackBANK0                          A1       A1       12       60       1
                dataBANK0                            B3       B3        A       60       1
                bssBANK0                             60       60       41       60       1
                dataCOMRAM                           3C       3C        E        1       1
                bssCOMRAM                            4A       4A        6        1       1
                cinit                              13BC     13BC       66        4       0
                idataBANK0                         198E     198E        A        4       0
                idataCOMRAM                        195C     195C        E        4       0

TOTAL           Name                               Link     Load   Length     Space
        CLASS   STACK          

        CLASS   CODE           
                end_init                             16       16        4         0
                intcode                               8        8        E         0
                reset_vec                             0        0        4         0
                intcode_body                        FB4      FB4       B4         0
                text48                             181A     181A       28         0
                text47                             1486     1486       60         0
                text46                              E7A      E7A      13A         0
                text45                             1104     1104       84         0
                text44                             127A     127A       70         0
                text43                             1868     1868       26         0
                text42                             17C4     17C4       2C         0
                text41                             1750     1750       3E         0
                text40                             1982     1982        C         0
                text39                             15E8     15E8       52         0
                text38                             193A     193A       12         0
                text37                             1068     1068       9C         0
                text36                             18E8     18E8       18         0
                text35                             14E6     14E6       5A         0
                text34                             1202     1202       78         0
                text33                             170E     170E       42         0
                text32                             1686     1686       46         0
                text31                              860      860      246         0
                text30                             19B8     19B8        8         0
                text29                             19B0     19B0        8         0
                text28                             19A8     19A8        8         0
                text27                             1976     1976        C         0
                text26                             18B0     18B0       1E         0
                text25                               1A       1A      34C         0
                text24                              CB0      CB0      1CA         0
                text23                              AA6      AA6      20A         0
                text22                             1596     1596       52         0
                text21                             16CC     16CC       42         0
                text20                             1354     1354       68         0
                text19                             1928     1928       12         0
                text18                             19C0     19C0        6         0
                text17                             19A0     19A0        8         0
                text16                             196A     196A        C         0
                text15                             1998     1998        8         0
                text14                             17F0     17F0       2A         0
                text13                             1188     1188       7A         0
                text12                             188E     188E       22         0
                text11                             178E     178E       36         0
                text10                             1540     1540       56         0
                text9                              1900     1900       16         0
                text8                              1916     1916       12         0
                text7                              194C     194C       10         0
                text6                              18CE     18CE       1A         0
                text5                               60E      60E      252         0
                text4                              1842     1842       26         0
                text3                              163A     163A       4C         0
                text2                              1422     1422       64         0
                text1                              12EA     12EA       6A         0
                text0                               366      366      2A8         0
                cinit                              13BC     13BC       66         0
                idataBANK0                         198E     198E        A         0
                idataCOMRAM                        195C     195C        E         0

        CLASS   CONST          

        CLASS   SMALLCONST     

        CLASS   MEDIUMCONST    
                mediumconst                        2EBC     2EBC      144         0

        CLASS   COMRAM         
                temp                                 50       50        1         1
                cstackCOMRAM                          1        1       3B         1
                dataCOMRAM                           3C       3C        E         1
                bssCOMRAM                            4A       4A        6         1

        CLASS   ABS1           

        CLASS   BIGRAM         

        CLASS   RAM            

        CLASS   BANK0          
                cstackBANK0                          A1       A1       12         1
                dataBANK0                            B3       B3        A         1
                bssBANK0                             60       60       41         1

        CLASS   BANK1          

        CLASS   BANK2          

        CLASS   BANK3          

        CLASS   BANK4          

        CLASS   BANK5          

        CLASS   SFR            

        CLASS   FARRAM         

        CLASS   CONFIG         
                config                           300000   300000        8         0

        CLASS   IDLOC          

        CLASS   EEDATA         



SEGMENTS        Name                           Load    Length   Top    Selector   Space  Class

                reset_vec                      000000  000004  000004         0       0  CODE    
                cstackCOMRAM                   000001  000050  000051         1       1  COMRAM  
                intcode                        000008  0019BE  0019C6         4       0  CODE    
                bssBANK0                       000060  00005D  0000BD        60       1  BANK0   
                mediumconst                    002EBC  000144  003000      175E       0  MEDIUMCO
                config                         300000  000008  300008    300000       0  CONFIG  


UNUSED ADDRESS RANGES

        Name                Unused          Largest block    Delta
        BANK0            0000BD-0000FF               43
        BANK1            000100-0001FF              100
        BANK2            000200-0002FF              100
        BANK3            000300-0003FF              100
        BANK4            000400-0004FF              100
        BANK5            000500-0005FF              100
        BIGRAM           000051-00005F                F
                         0000BD-0005FF              543
        CODE             000004-000007                4
                         0019C6-002EBB             14F6
                         003000-003000                1
        COMRAM           000051-00005F                F
        CONFIG           300008-30000D                6
        CONST            000004-000007                4
                         0019C6-002EBB             14F6
                         003000-003000                1
        EEDATA           F00000-F000FF              100
        IDLOC            200000-200007                8
        MEDIUMCONST      0019C6-002EBB             14F6
                         003000-003000                1
        RAM              0000BD-0005FF              100
        SFR              000D00-000FFF              100
        SMALLCONST       0019C6-002EBB              100
                         003000-003000                1
        STACK            0000BD-0005FF              543

                                  Symbol Table

?___awdiv                       cstackCOMRAM 00000F
?___awmod                       cstackCOMRAM 00000F
?___lwdiv                       cstackCOMRAM 00000F
?___lwmod                       cstackCOMRAM 00000F
?_password_compare              cstackCOMRAM 000015
?_read_adc                      cstackCOMRAM 00000F
?_strcmp                        cstackCOMRAM 00000F
ON_OFF_up_down_gear@gear        cstackCOMRAM 000014
_ABDEN                          (abs)        007DC0
_ABDOVF                         (abs)        007DC7
_ACKDT                          (abs)        007E2D
_ACKEN                          (abs)        007E2C
_ACKSTAT                        (abs)        007E2E
_ACQT0                          (abs)        007E03
_ACQT1                          (abs)        007E04
_ACQT2                          (abs)        007E05
_ADCON1                         (abs)        000FC1
_ADCS0                          (abs)        007E00
_ADCS1                          (abs)        007E01
_ADCS2                          (abs)        007E02
_ADDEN                          (abs)        007D5B
_ADFM                           (abs)        007E07
_ADON                           (abs)        007E10
_ADRESH                         (abs)        000FC4
_ADRESL                         (abs)        000FC3
_BCLIF                          (abs)        007D0B
_BRG16                          (abs)        007DC3
_BRGH                           (abs)        007D62
_CHS2                           (abs)        007E14
_CKE                            (abs)        007E3E
_CREN                           (abs)        007D5C
_CSRC                           (abs)        007D67
_EEADR                          (abs)        000FA9
_EECON1bits                     (abs)        000FA6
_EECON2                         (abs)        000FA7
_EEDATA                         (abs)        000FA8
_FERR                           (abs)        007D5A
_GIE                            (abs)        007F97
_GO                             (abs)        007E11
_GODONE                         (abs)        007E11
_OERR                           (abs)        007D59
_ON_OFF_up_down_gear            text46       000E7A
_PEN                            (abs)        007E2A
_PIR2bits                       (abs)        000FA1
_PORTB                          (abs)        000F81
_PORTD                          (abs)        000F83
_RB1                            (abs)        007C09
_RB2                            (abs)        007C0A
_RB3                            (abs)        007C0B
_RB4                            (abs)        007C0C
_RB5                            (abs)        007C0D
_RB6                            (abs)        007C0E
_RB7                            (abs)        007C0F
_RBPU                           (abs)        007F8F
_RC0                            (abs)        007C10
_RC1                            (abs)        007C11
_RC2                            (abs)        007C12
_RCEN                           (abs)        007E2B
_RCIDL                          (abs)        007DC6
_RCIE                           (abs)        007CED
_RCIF                           (abs)        007CF5
_RCREG                          (abs)        000FAE
_RD7                            (abs)        007C1F
_RSEN                           (abs)        007E29
_RX9                            (abs)        007D5E
_RX9D                           (abs)        007D58
_SCKP                           (abs)        007DC4
_SEN                            (abs)        007E28
_SENDB                          (abs)        007D63
_SMP                            (abs)        007E3F
_SPBRG                          (abs)        000FAF
_SPEN                           (abs)        007D5F
_SREN                           (abs)        007D5D
_SSPADD                         (abs)        000FC8
_SSPBUF                         (abs)        000FC9
_SSPCON1                        (abs)        000FC6
_SSPIF                          (abs)        007CF3
_SYNC                           (abs)        007D64
_T0CS                           (abs)        007EAD
_T0IF                           (abs)        007F92
_TMR0                           (abs)        000FD6
_TMR0IE                         (abs)        007F95
_TMR0IF                         (abs)        007F92
_TRISB                          (abs)        000F93
_TRISC                          (abs)        000F94
_TRISC3                         (abs)        007CA3
_TRISC4                         (abs)        007CA4
_TRISC6                         (abs)        007CA6
_TRISC7                         (abs)        007CA7
_TRISD                          (abs)        000F95
_TRISD7                         (abs)        007CAF
_TRMT                           (abs)        007D61
_TX9                            (abs)        007D66
_TX9D                           (abs)        007D60
_TXEN                           (abs)        007D65
_TXIE                           (abs)        007CEC
_TXIF                           (abs)        007CF4
_TXREG                          (abs)        000FAD
_VCFG0                          (abs)        007E0C
_VCFG1                          (abs)        007E0D
_WUE                            (abs)        007DC1
__CFG_BOREN$OFF                 (abs)        000000
__CFG_LVP$OFF                   (abs)        000000
__CFG_OSC$XT                    (abs)        000000
__CFG_PBADEN$OFF                (abs)        000000
__CFG_WDT$OFF                   (abs)        000000
__HRAM                          (abs)        000000
__Habs1                         abs1         000000
__Hbank0                        bank0        000000
__Hbank1                        bank1        000000
__Hbank2                        bank2        000000
__Hbank3                        bank3        000000
__Hbank4                        bank4        000000
__Hbank5                        bank5        000000
__Hbigbss                       bigbss       000000
__Hbigdata                      bigdata      000000
__Hbigram                       bigram       000000
__Hbss                          bss          000000
__HbssBANK0                     bssBANK0     000000
__HbssCOMRAM                    bssCOMRAM    000000
__Hcinit                        cinit        000000
__Hclrtext                      clrtext      000000
__Hcomram                       comram       000000
__Hconfig                       config       300008
__Hconst                        const        000000
__HcstackBANK0                  cstackBANK0  000000
__HcstackCOMRAM                 cstackCOMRAM 000000
__Hdata                         data         000000
__HdataBANK0                    dataBANK0    000000
__HdataCOMRAM                   dataCOMRAM   000000
__Heeprom_data                  eeprom_data  000000
__Hend_init                     end_init     00001A
__Hfarbss                       farbss       000000
__Hfardata                      fardata      000000
__Hibigdata                     ibigdata     000000
__Hidata                        idata        000000
__HidataBANK0                   idataBANK0   000000
__HidataCOMRAM                  idataCOMRAM  000000
__Hidloc                        idloc        000000
__Hifardata                     ifardata     000000
__Hinit                         init         000016
__Hintcode                      intcode      000016
__Hintcode_body                 intcode_body 000000
__Hintcodelo                    intcodelo    000016
__Hintentry                     intentry     000000
__Hintret                       intret       000000
__Hintsave_regs                 intsave_regs 000000
__Hirdata                       irdata       000000
__Hmediumconst                  mediumconst  003000
__HnvFARRAM                     nvFARRAM     000000
__Hnvbit                        nvbit        000000
__Hnvrram                       nvrram       000000
__Hparam                        rparam       000000
__Hpowerup                      powerup      000016
__Hram                          ram          000000
__Hramtop                       ramtop       000600
__Hrbit                         rbit         000000
__Hrbss                         rbss         000000
__Hrdata                        rdata        000000
__Hreset_vec                    reset_vec    000004
__Hrparam                       rparam       000000
__Hsfr                          sfr          000000
__Hsmallconst                   smallconst   000000
__Hspace_0                      (abs)        300008
__Hspace_1                      (abs)        0000BD
__Hspace_2                      (abs)        000000
__Hstack                        stack        000000
__Hstruct                       struct       000000
__Htemp                         temp         000051
__Htext                         text         000000
__Htext0                        text0        000000
__Htext1                        text1        000000
__Htext10                       text10       000000
__Htext11                       text11       000000
__Htext12                       text12       000000
__Htext13                       text13       000000
__Htext14                       text14       000000
__Htext15                       text15       000000
__Htext16                       text16       000000
__Htext17                       text17       000000
__Htext18                       text18       000000
__Htext19                       text19       000000
__Htext2                        text2        000000
__Htext20                       text20       000000
__Htext21                       text21       000000
__Htext22                       text22       000000
__Htext23                       text23       000000
__Htext24                       text24       000000
__Htext25                       text25       000000
__Htext26                       text26       000000
__Htext27                       text27       000000
__Htext28                       text28       000000
__Htext29                       text29       000000
__Htext3                        text3        000000
__Htext30                       text30       000000
__Htext31                       text31       000000
__Htext32                       text32       000000
__Htext33                       text33       000000
__Htext34                       text34       000000
__Htext35                       text35       000000
__Htext36                       text36       000000
__Htext37                       text37       000000
__Htext38                       text38       000000
__Htext39                       text39       000000
__Htext4                        text4        000000
__Htext40                       text40       000000
__Htext41                       text41       000000
__Htext42                       text42       000000
__Htext43                       text43       000000
__Htext44                       text44       000000
__Htext45                       text45       000000
__Htext46                       text46       000000
__Htext47                       text47       000000
__Htext48                       text48       000000
__Htext5                        text5        000000
__Htext6                        text6        000000
__Htext7                        text7        000000
__Htext8                        text8        000000
__Htext9                        text9        000000
__LRAM                          (abs)        000001
__Labs1                         abs1         000000
__Lbank0                        bank0        000000
__Lbank1                        bank1        000000
__Lbank2                        bank2        000000
__Lbank3                        bank3        000000
__Lbank4                        bank4        000000
__Lbank5                        bank5        000000
__Lbigbss                       bigbss       000000
__Lbigdata                      bigdata      000000
__Lbigram                       bigram       000000
__Lbss                          bss          000000
__LbssBANK0                     bssBANK0     000000
__LbssCOMRAM                    bssCOMRAM    000000
__Lcinit                        cinit        000000
__Lclrtext                      clrtext      000000
__Lcomram                       comram       000000
__Lconfig                       config       300000
__Lconst                        const        000000
__LcstackBANK0                  cstackBANK0  000000
__LcstackCOMRAM                 cstackCOMRAM 000000
__Ldata                         data         000000
__LdataBANK0                    dataBANK0    000000
__LdataCOMRAM                   dataCOMRAM   000000
__Leeprom_data                  eeprom_data  000000
__Lend_init                     end_init     000016
__Lfarbss                       farbss       000000
__Lfardata                      fardata      000000
__Libigdata                     ibigdata     000000
__Lidata                        idata        000000
__LidataBANK0                   idataBANK0   000000
__LidataCOMRAM                  idataCOMRAM  000000
__Lidloc                        idloc        000000
__Lifardata                     ifardata     000000
__Linit                         init         000016
__Lintcode                      intcode      000008
__Lintcode_body                 intcode_body 000000
__Lintcodelo                    intcodelo    000016
__Lintentry                     intentry     000000
__Lintret                       intret       000000
__Lintsave_regs                 intsave_regs 000000
__Lirdata                       irdata       000000
__Lmediumconst                  mediumconst  002EBC
__LnvFARRAM                     nvFARRAM     000000
__Lnvbit                        nvbit        000000
__Lnvrram                       nvrram       000000
__Lparam                        rparam       000000
__Lpowerup                      powerup      000016
__Lram                          ram          000000
__Lramtop                       ramtop       000600
__Lrbit                         rbit         000000
__Lrbss                         rbss         000000
__Lrdata                        rdata        000000
__Lreset_vec                    reset_vec    000000
__Lrparam                       rparam       000000
__Lsfr                          sfr          000000
__Lsmallconst                   smallconst   000000
__Lspace_0                      (abs)        000000
__Lspace_1                      (abs)        000000
__Lspace_2                      (abs)        000000
__Lstack                        stack        000000
__Lstruct                       struct       000000
__Ltemp                         temp         000050
__Ltext                         text         000000
__Ltext0                        text0        000000
__Ltext1                        text1        000000
__Ltext10                       text10       000000
__Ltext11                       text11       000000
__Ltext12                       text12       000000
__Ltext13                       text13       000000
__Ltext14                       text14       000000
__Ltext15                       text15       000000
__Ltext16                       text16       000000
__Ltext17                       text17       000000
__Ltext18                       text18       000000
__Ltext19                       text19       000000
__Ltext2                        text2        000000
__Ltext20                       text20       000000
__Ltext21                       text21       000000
__Ltext22                       text22       000000
__Ltext23                       text23       000000
__Ltext24                       text24       000000
__Ltext25                       text25       000000
__Ltext26                       text26       000000
__Ltext27                       text27       000000
__Ltext28                       text28       000000
__Ltext29                       text29       000000
__Ltext3                        text3        000000
__Ltext30                       text30       000000
__Ltext31                       text31       000000
__Ltext32                       text32       000000
__Ltext33                       text33       000000
__Ltext34                       text34       000000
__Ltext35                       text35       000000
__Ltext36                       text36       000000
__Ltext37                       text37       000000
__Ltext38                       text38       000000
__Ltext39                       text39       000000
__Ltext4                        text4        000000
__Ltext40                       text40       000000
__Ltext41                       text41       000000
__Ltext42                       text42       000000
__Ltext43                       text43       000000
__Ltext44                       text44       000000
__Ltext45                       text45       000000
__Ltext46                       text46       000000
__Ltext47                       text47       000000
__Ltext48                       text48       000000
__Ltext5                        text5        000000
__Ltext6                        text6        000000
__Ltext7                        text7        000000
__Ltext8                        text8        000000
__Ltext9                        text9        000000
__S0                            (abs)        300008
__S1                            (abs)        0000BD
__S2                            (abs)        000000
___awdiv                        text45       001104
___awdiv@counter                cstackCOMRAM 000013
___awdiv@dividend               cstackCOMRAM 00000F
___awdiv@divisor                cstackCOMRAM 000011
___awdiv@quotient               cstackCOMRAM 000015
___awdiv@sign                   cstackCOMRAM 000014
___awmod                        text44       00127A
___awmod@counter                cstackCOMRAM 000013
___awmod@dividend               cstackCOMRAM 00000F
___awmod@divisor                cstackCOMRAM 000011
___awmod@sign                   cstackCOMRAM 000014
___inthi_sp                     stack        000000
___intlo_sp                     stack        000000
___lwdiv                        text22       001596
___lwdiv@counter                cstackCOMRAM 000015
___lwdiv@dividend               cstackCOMRAM 00000F
___lwdiv@divisor                cstackCOMRAM 000011
___lwdiv@quotient               cstackCOMRAM 000013
___lwmod                        text21       0016CC
___lwmod@counter                cstackCOMRAM 000013
___lwmod@dividend               cstackCOMRAM 00000F
___lwmod@divisor                cstackCOMRAM 000011
___param_bank                   (abs)        000010
___rparam_used                  (abs)        000001
___sp                           stack        000000
__accesstop                     (abs)        000060
__activetblptr                  (abs)        000002
__end_of_ON_OFF_up_down_gear    text46       000FB4
__end_of___awdiv                text45       001188
__end_of___awmod                text44       0012EA
__end_of___lwdiv                text22       0015E8
__end_of___lwmod                text21       00170E
__end_of__initialization        cinit        001414
__end_of_clcd_print             text47       0014E6
__end_of_clcd_putch             text36       001900
__end_of_clcd_write             text48       001842
__end_of_clear_log              text42       0017F0
__end_of_delay_fun              text35       001540
__end_of_display_menu           text23       000CB0
__end_of_display_speed          text20       0013BC
__end_of_display_time           text19       00193A
__end_of_download_log           text37       001104
__end_of_get_time               text13       001202
__end_of_i2c_idle               text30       0019C0
__end_of_i2c_no_ack             text18       0019C6
__end_of_i2c_read               text16       001976
__end_of_i2c_rep_start          text15       0019A0
__end_of_i2c_rx_mode            text17       0019A8
__end_of_i2c_start              text29       0019B8
__end_of_i2c_stop               text28       0019B0
__end_of_i2c_write              text27       001982
__end_of_init_adc               text12       0018B0
__end_of_init_clcd              text11       0017C4
__end_of_init_config            text6        0018E8
__end_of_init_ds1307            text10       001596
__end_of_init_i2c               text9        001916
__end_of_init_matrix_keypad     text8        001928
__end_of_init_timer0            text7        00195C
__end_of_init_uart              text41       00178E
__end_of_isr                    intcode_body 001068
__end_of_main                   text0        00060E
__end_of_password_change        text31       000AA6
__end_of_password_compare       text5        000860
__end_of_putch                  text40       00198E
__end_of_puts                   text39       00163A
__end_of_read_adc               text4        001868
__end_of_read_ds1307            text14       00181A
__end_of_read_internal_eeprom   text38       00194C
__end_of_read_switches          text33       001750
__end_of_save_events            text3        001686
__end_of_save_speed             text2        001486
__end_of_save_time              text1        001354
__end_of_scan_key               text34       00127A
__end_of_set_time               text25       000366
__end_of_strcmp                 text32       0016CC
__end_of_view_log               text24       000E7A
__end_of_write_ds1307           text26       0018CE
__end_of_write_internal_eeprom  text43       00188E
__initialization                cinit        0013BC
__mediumconst                   mediumconst  002EBC
__pbssBANK0                     bssBANK0     000060
__pbssCOMRAM                    bssCOMRAM    00004A
__pcinit                        cinit        0013BC
__pcstackBANK0                  cstackBANK0  0000A1
__pcstackCOMRAM                 cstackCOMRAM 000001
__pdataBANK0                    dataBANK0    0000B3
__pdataCOMRAM                   dataCOMRAM   00003C
__pidataBANK0                   idataBANK0   00198E
__pidataCOMRAM                  idataCOMRAM  00195C
__pintcode                      intcode      000008
__pintcode_body                 intcode_body 000FB4
__pmediumconst                  mediumconst  002EBC
__ptext0                        text0        000366
__ptext1                        text1        0012EA
__ptext10                       text10       001540
__ptext11                       text11       00178E
__ptext12                       text12       00188E
__ptext13                       text13       001188
__ptext14                       text14       0017F0
__ptext15                       text15       001998
__ptext16                       text16       00196A
__ptext17                       text17       0019A0
__ptext18                       text18       0019C0
__ptext19                       text19       001928
__ptext2                        text2        001422
__ptext20                       text20       001354
__ptext21                       text21       0016CC
__ptext22                       text22       001596
__ptext23                       text23       000AA6
__ptext24                       text24       000CB0
__ptext25                       text25       00001A
__ptext26                       text26       0018B0
__ptext27                       text27       001976
__ptext28                       text28       0019A8
__ptext29                       text29       0019B0
__ptext3                        text3        00163A
__ptext30                       text30       0019B8
__ptext31                       text31       000860
__ptext32                       text32       001686
__ptext33                       text33       00170E
__ptext34                       text34       001202
__ptext35                       text35       0014E6
__ptext36                       text36       0018E8
__ptext37                       text37       001068
__ptext38                       text38       00193A
__ptext39                       text39       0015E8
__ptext4                        text4        001842
__ptext40                       text40       001982
__ptext41                       text41       001750
__ptext42                       text42       0017C4
__ptext43                       text43       001868
__ptext44                       text44       00127A
__ptext45                       text45       001104
__ptext46                       text46       000E7A
__ptext47                       text47       001486
__ptext48                       text48       00181A
__ptext5                        text5        00060E
__ptext6                        text6        0018CE
__ptext7                        text7        00194C
__ptext8                        text8        001916
__ptext9                        text9        001900
__ramtop                        ramtop       000600
__size_of_ON_OFF_up_down_gear   (abs)        000000
__size_of___awdiv               (abs)        000000
__size_of___awmod               (abs)        000000
__size_of___lwdiv               (abs)        000000
__size_of___lwmod               (abs)        000000
__size_of_clcd_print            (abs)        000000
__size_of_clcd_putch            (abs)        000000
__size_of_clcd_write            (abs)        000000
__size_of_clear_log             (abs)        000000
__size_of_delay_fun             (abs)        000000
__size_of_display_menu          (abs)        000000
__size_of_display_speed         (abs)        000000
__size_of_display_time          (abs)        000000
__size_of_download_log          (abs)        000000
__size_of_get_time              (abs)        000000
__size_of_i2c_idle              (abs)        000000
__size_of_i2c_no_ack            (abs)        000000
__size_of_i2c_read              (abs)        000000
__size_of_i2c_rep_start         (abs)        000000
__size_of_i2c_rx_mode           (abs)        000000
__size_of_i2c_start             (abs)        000000
__size_of_i2c_stop              (abs)        000000
__size_of_i2c_write             (abs)        000000
__size_of_init_adc              (abs)        000000
__size_of_init_clcd             (abs)        000000
__size_of_init_config           (abs)        000000
__size_of_init_ds1307           (abs)        000000
__size_of_init_i2c              (abs)        000000
__size_of_init_matrix_keypad    (abs)        000000
__size_of_init_timer0           (abs)        000000
__size_of_init_uart             (abs)        000000
__size_of_isr                   (abs)        000000
__size_of_main                  (abs)        000000
__size_of_password_change       (abs)        000000
__size_of_password_compare      (abs)        000000
__size_of_putch                 (abs)        000000
__size_of_puts                  (abs)        000000
__size_of_read_adc              (abs)        000000
__size_of_read_ds1307           (abs)        000000
__size_of_read_internal_eeprom  (abs)        000000
__size_of_read_switches         (abs)        000000
__size_of_save_events           (abs)        000000
__size_of_save_speed            (abs)        000000
__size_of_save_time             (abs)        000000
__size_of_scan_key              (abs)        000000
__size_of_set_time              (abs)        000000
__size_of_strcmp                (abs)        000000
__size_of_view_log              (abs)        000000
__size_of_write_ds1307          (abs)        000000
__size_of_write_internal_eeprom (abs)        000000
__smallconst                    smallconst   000000
_calender_reg                   bssBANK0     000074
_clcd_print                     text47       001486
_clcd_putch                     text36       0018E8
_clcd_write                     text48       00181A
_clear_log                      text42       0017C4
_clock_reg                      bssCOMRAM    00004A
_date                           bssBANK0     00008D
_delay_fun                      text35       0014E6
_display_menu                   text23       000AA6
_display_speed                  text20       001354
_display_time                   text19       001928
_download_log                   text37       001068
_e_address                      dataCOMRAM   00003C
_flag                           bssCOMRAM    00004D
_get_time                       text13       001188
_i2c_idle                       text30       0019B8
_i2c_no_ack                     text18       0019C0
_i2c_read                       text16       00196A
_i2c_rep_start                  text15       001998
_i2c_rx_mode                    text17       0019A0
_i2c_start                      text29       0019B0
_i2c_stop                       text28       0019A8
_i2c_write                      text27       001976
_init_adc                       text12       00188E
_init_clcd                      text11       00178E
_init_config                    text6        0018CE
_init_ds1307                    text10       001540
_init_i2c                       text9        001900
_init_matrix_keypad             text8        001916
_init_timer0                    text7        00194C
_init_uart                      text41       001750
_isr                            intcode      000008
_main                           text0        000366
_n_time                         dataCOMRAM   000041
_new_time_flag                  bssCOMRAM    00004F
_password_change                text31       000860
_password_compare               text5        00060E
_putch                          text40       001982
_puts                           text39       0015E8
_read_adc                       text4        001842
_read_ds1307                    text14       0017F0
_read_internal_eeprom           text38       00193A
_read_switches                  text33       00170E
_save                           dataCOMRAM   00003E
_save_array                     bssBANK0     00007C
_save_events                    text3        00163A
_save_speed                     text2        001422
_save_time                      text1        0012EA
_scan_key                       text34       001202
_set_time                       text25       00001A
_strcmp                         text32       001686
_time                           bssBANK0     000098
_view_log                       text24       000CB0
_write_ds1307                   text26       0018B0
_write_internal_eeprom          text43       001868
btemp                           temp         000050
clcd_print@addr                 cstackCOMRAM 000013
clcd_print@data                 cstackCOMRAM 000011
clcd_putch@addr                 cstackCOMRAM 000011
clcd_putch@data                 cstackCOMRAM 000012
clcd_write@byte                 cstackCOMRAM 000010
clcd_write@control_bit          cstackCOMRAM 00000F
clear_log@address               cstackCOMRAM 000011
delay_fun@i                     cstackCOMRAM 00000F
delay_fun@j                     cstackCOMRAM 000011
delay_fun@k                     cstackCOMRAM 000013
display_menu@F16059             dataBANK0    0000B3
display_menu@count              cstackBANK0  0000B1
display_menu@key                cstackBANK0  0000B0
display_menu@key1               cstackBANK0  0000AD
display_menu@menu_list          cstackBANK0  0000A3
display_menu@star               cstackBANK0  0000A1
display_menu@temp               cstackBANK0  0000AE
display_speed@adc_reg_val       cstackCOMRAM 000016
display_speed@buff              cstackCOMRAM 000018
display_speed@i                 cstackCOMRAM 00001D
download_log@i                  cstackCOMRAM 000024
download_log@j                  cstackCOMRAM 000022
download_log@new1               cstackCOMRAM 000012
end_of_initialization           cinit        001414
i2c_write@data                  cstackCOMRAM 00000F
init_ds1307@dummy               cstackCOMRAM 000012
int$flags                       temp         000050
int_func                        intcode_body 000FB4
intlevel0                       text         000000
intlevel1                       text         000000
intlevel2                       text         000000
intlevel3                       text         000000
isr@count                       bssBANK0     000078
main@ON_OFF                     cstackCOMRAM 000038
main@adc_reg_val                cstackCOMRAM 000036
main@count                      bssBANK0     00007A
main@gear                       cstackCOMRAM 000039
main@key                        cstackCOMRAM 00003B
main@key1                       cstackCOMRAM 000034
main@status                     cstackCOMRAM 000032
main@wait                       cstackCOMRAM 000035
password_change@F16060          bssBANK0     000060
password_change@F16062          bssBANK0     000065
password_change@address         cstackCOMRAM 000021
password_change@c_password      cstackCOMRAM 00001C
password_change@count           cstackCOMRAM 000022
password_change@key             cstackCOMRAM 000024
password_change@pos             cstackCOMRAM 000025
password_change@r_password      cstackCOMRAM 000017
password_change@star            cstackCOMRAM 000015
password_compare@F16068         bssBANK0     00006A
password_compare@F16070         bssBANK0     00006F
password_compare@address        cstackCOMRAM 000026
password_compare@ch             cstackCOMRAM 000025
password_compare@count          cstackCOMRAM 000029
password_compare@enter_pass     cstackCOMRAM 000017
password_compare@flag           cstackCOMRAM 000027
password_compare@flag1          cstackCOMRAM 00001E
password_compare@i              cstackCOMRAM 00001C
password_compare@j              cstackCOMRAM 00002B
password_compare@key            cstackCOMRAM 00002D
password_compare@password       cstackCOMRAM 000020
password_compare@pos            cstackCOMRAM 00002E
putch@byte                      cstackCOMRAM 00000F
puts@s                          cstackCOMRAM 000010
read_adc@reg_val                cstackCOMRAM 000013
read_ds1307@address             cstackCOMRAM 000010
read_ds1307@data                cstackCOMRAM 000011
read_internal_eeprom@address    cstackCOMRAM 00000F
read_switches@detection_type    cstackCOMRAM 000010
read_switches@key               cstackCOMRAM 000011
read_switches@key1              cstackCOMRAM 00000F
read_switches@once              dataCOMRAM   000040
save_events@i                   cstackCOMRAM 000011
save_speed@adc_reg_val          cstackCOMRAM 000016
save_speed@buff                 cstackCOMRAM 000018
save_speed@i                    cstackCOMRAM 00001D
save_time@i                     cstackCOMRAM 000011
save_time@i_231                 cstackCOMRAM 00000F
set_time@count                  cstackCOMRAM 000029
set_time@i_417                  cstackCOMRAM 000017
set_time@i_418                  cstackCOMRAM 00001B
set_time@i_419                  cstackCOMRAM 00001F
set_time@i_420                  cstackCOMRAM 000023
set_time@just                   cstackCOMRAM 000028
set_time@key                    cstackCOMRAM 000027
set_time@sh_flag                cstackCOMRAM 000016
set_time@t_flag                 cstackCOMRAM 000015
stackhi                         (abs)        0005FF
stacklo                         (abs)        0000BD
start                           init         000016
start_initialization            cinit        0013BC
strcmp@r                        cstackCOMRAM 000014
strcmp@s1                       cstackCOMRAM 00000F
strcmp@s2                       cstackCOMRAM 000011
view_log@add                    cstackCOMRAM 00001C
view_log@count                  cstackCOMRAM 000017
view_log@inc_dec                cstackCOMRAM 000019
view_log@key                    cstackCOMRAM 00001B
view_log@key1                   cstackCOMRAM 000016
write_ds1307@address            cstackCOMRAM 000011
write_ds1307@data               cstackCOMRAM 000010
write_internal_eeprom@address   cstackCOMRAM 000010
write_internal_eeprom@data      cstackCOMRAM 00000F


FUNCTION INFORMATION:

 *************** function _main *****************
 Defined at:
		line 25 in file "main.c"
 Parameters:    Size  Location     Type
		None
 Auto vars:     Size  Location     Type
  wait            1   52[COMRAM] unsigned char 
  buff            5    0        unsigned char [5]
  gear            2   56[COMRAM] unsigned short 
  adc_reg_val     2   53[COMRAM] unsigned short 
  status          2   49[COMRAM] short 
  key             1   58[COMRAM] unsigned char 
  ON_OFF          1   55[COMRAM] unsigned char 
  key1            1   51[COMRAM] unsigned char 
 Return value:  Size  Location     Type
                  1    wreg      void 
 Registers used:
		wreg, fsr0l, fsr0h, fsr1l, fsr1h, fsr2l, fsr2h, status,2, status,0, tblptrl, tblptrh, tblptru, prodl, prodh, cstack
 Tracked objects:
		On entry : 
		On exit  : 
		Unchanged: 
 Data sizes:     COMRAM   BANK0   BANK1   BANK2   BANK3   BANK4   BANK5
      Params:         0       0       0       0       0       0       0
      Locals:        10       0       0       0       0       0       0
      Temps:          2       0       0       0       0       0       0
      Totals:        12       0       0       0       0       0       0
Total ram usage:       12 bytes
 Hardware stack levels required when called:    7
 This function calls:
		_ON_OFF_up_down_gear
		___awdiv
		___awmod
		_clcd_print
		_clcd_putch
		_clcd_write
		_delay_fun
		_display_menu
		_display_speed
		_display_time
		_get_time
		_init_config
		_password_compare
		_read_adc
		_read_switches
		_save_events
		_save_speed
		_save_time
		_write_internal_eeprom
 This function is called by:
		Startup code after reset
 This function uses a non-reentrant model


 *************** function _save_time *****************
 Defined at:
		line 13 in file "clock.c"
 Parameters:    Size  Location     Type
		None
 Auto vars:     Size  Location     Type
  i               2   14[COMRAM] int 
  i               2   16[COMRAM] int 
 Return value:  Size  Location     Type
                  1    wreg      void 
 Registers used:
		wreg, fsr1l, fsr1h, fsr2l, fsr2h, status,2, status,0
 Tracked objects:
		On entry : 
		On exit  : 
		Unchanged: 
 Data sizes:     COMRAM   BANK0   BANK1   BANK2   BANK3   BANK4   BANK5
      Params:         0       0       0       0       0       0       0
      Locals:         4       0       0       0       0       0       0
      Temps:          0       0       0       0       0       0       0
      Totals:         4       0       0       0       0       0       0
Total ram usage:        4 bytes
 Hardware stack levels used:    1
 Hardware stack levels required when called:    1
 This function calls:
		Nothing
 This function is called by:
		_main
 This function uses a non-reentrant model


 *************** function _save_speed *****************
 Defined at:
		line 7 in file "adc.c"
 Parameters:    Size  Location     Type
  adc_reg_val     2   21[COMRAM] unsigned short 
 Auto vars:     Size  Location     Type
  buff            5   23[COMRAM] unsigned char [5]
  i               1   28[COMRAM] unsigned char 
 Return value:  Size  Location     Type
                  1    wreg      void 
 Registers used:
		wreg, fsr2l, fsr2h, status,2, status,0, prodl, prodh, cstack
 Tracked objects:
		On entry : 
		On exit  : 
		Unchanged: 
 Data sizes:     COMRAM   BANK0   BANK1   BANK2   BANK3   BANK4   BANK5
      Params:         2       0       0       0       0       0       0
      Locals:         6       0       0       0       0       0       0
      Temps:          0       0       0       0       0       0       0
      Totals:         8       0       0       0       0       0       0
Total ram usage:        8 bytes
 Hardware stack levels used:    1
 Hardware stack levels required when called:    2
 This function calls:
		___lwdiv
		___lwmod
 This function is called by:
		_main
 This function uses a non-reentrant model


 *************** function _save_events *****************
 Defined at:
		line 9 in file "save_event.c"
 Parameters:    Size  Location     Type
		None
 Auto vars:     Size  Location     Type
  i               2   16[COMRAM] int 
 Return value:  Size  Location     Type
                  1    wreg      void 
 Registers used:
		wreg, fsr2l, fsr2h, status,2, status,0, cstack
 Tracked objects:
		On entry : 
		On exit  : 
		Unchanged: 
 Data sizes:     COMRAM   BANK0   BANK1   BANK2   BANK3   BANK4   BANK5
      Params:         0       0       0       0       0       0       0
      Locals:         2       0       0       0       0       0       0
      Temps:          0       0       0       0       0       0       0
      Totals:         2       0       0       0       0       0       0
Total ram usage:        2 bytes
 Hardware stack levels used:    1
 Hardware stack levels required when called:    2
 This function calls:
		_write_internal_eeprom
 This function is called by:
		_main
 This function uses a non-reentrant model


 *************** function _read_adc *****************
 Defined at:
		line 68 in file "adc.c"
 Parameters:    Size  Location     Type
  channel         1    wreg     unsigned char 
 Auto vars:     Size  Location     Type
  channel         1    0[COMRAM] unsigned char 
  reg_val         2   18[COMRAM] unsigned short 
 Return value:  Size  Location     Type
                  2   14[COMRAM] unsigned short 
 Registers used:
		wreg, status,2, status,0
 Tracked objects:
		On entry : 
		On exit  : 
		Unchanged: 
 Data sizes:     COMRAM   BANK0   BANK1   BANK2   BANK3   BANK4   BANK5
      Params:         2       0       0       0       0       0       0
      Locals:         2       0       0       0       0       0       0
      Temps:          2       0       0       0       0       0       0
      Totals:         6       0       0       0       0       0       0
Total ram usage:        6 bytes
 Hardware stack levels used:    1
 Hardware stack levels required when called:    1
 This function calls:
		Nothing
 This function is called by:
		_main
 This function uses a non-reentrant model


 *************** function _password_compare *****************
 Defined at:
		line 7 in file "password_compare.c"
 Parameters:    Size  Location     Type
		None
 Auto vars:     Size  Location     Type
  password        5   31[COMRAM] unsigned char [5]
  enter_pass      5   22[COMRAM] unsigned char [5]
  pos             2   45[COMRAM] short 
  j               2   42[COMRAM] unsigned int 
  count           2   40[COMRAM] short 
  flag            2   38[COMRAM] short 
  flag1           2   29[COMRAM] short 
  i               2   27[COMRAM] unsigned int 
  key             1   44[COMRAM] unsigned char 
  address         1   37[COMRAM] unsigned char 
  ch              1   36[COMRAM] unsigned char 
 Return value:  Size  Location     Type
                  2   20[COMRAM] int 
 Registers used:
		wreg, fsr0l, fsr0h, fsr1l, fsr1h, fsr2l, fsr2h, status,2, status,0, tblptrl, tblptrh, tblptru, cstack
 Tracked objects:
		On entry : 
		On exit  : 
		Unchanged: 
 Data sizes:     COMRAM   BANK0   BANK1   BANK2   BANK3   BANK4   BANK5
      Params:         2       0       0       0       0       0       0
      Locals:        25       0       0       0       0       0       0
      Temps:          0       0       0       0       0       0       0
      Totals:        27       0       0       0       0       0       0
Total ram usage:       27 bytes
 Hardware stack levels used:    1
 Hardware stack levels required when called:    3
 This function calls:
		_clcd_print
		_clcd_putch
		_clcd_write
		_read_internal_eeprom
		_read_switches
		_strcmp
 This function is called by:
		_main
 This function uses a non-reentrant model


 *************** function _init_config *****************
 Defined at:
		line 14 in file "main.c"
 Parameters:    Size  Location     Type
		None
 Auto vars:     Size  Location     Type
		None
 Return value:  Size  Location     Type
                  1    wreg      void 
 Registers used:
		wreg, status,2, status,0, cstack
 Tracked objects:
		On entry : 
		On exit  : 
		Unchanged: 
 Data sizes:     COMRAM   BANK0   BANK1   BANK2   BANK3   BANK4   BANK5
      Params:         0       0       0       0       0       0       0
      Locals:         0       0       0       0       0       0       0
      Temps:          0       0       0       0       0       0       0
      Totals:         0       0       0       0       0       0       0
Total ram usage:        0 bytes
 Hardware stack levels used:    1
 Hardware stack levels required when called:    6
 This function calls:
		_init_adc
		_init_clcd
		_init_ds1307
		_init_i2c
		_init_matrix_keypad
		_init_timer0
 This function is called by:
		_main
 This function uses a non-reentrant model


 *************** function _init_timer0 *****************
 Defined at:
		line 4 in file "timer0.c"
 Parameters:    Size  Location     Type
		None
 Auto vars:     Size  Location     Type
		None
 Return value:  Size  Location     Type
                  1    wreg      void 
 Registers used:
		wreg, status,2
 Tracked objects:
		On entry : 
		On exit  : 
		Unchanged: 
 Data sizes:     COMRAM   BANK0   BANK1   BANK2   BANK3   BANK4   BANK5
      Params:         0       0       0       0       0       0       0
      Locals:         0       0       0       0       0       0       0
      Temps:          0       0       0       0       0       0       0
      Totals:         0       0       0       0       0       0       0
Total ram usage:        0 bytes
 Hardware stack levels used:    1
 Hardware stack levels required when called:    1
 This function calls:
		Nothing
 This function is called by:
		_init_config
 This function uses a non-reentrant model


 *************** function _init_matrix_keypad *****************
 Defined at:
		line 4 in file "matrix_keypad.c"
 Parameters:    Size  Location     Type
		None
 Auto vars:     Size  Location     Type
		None
 Return value:  Size  Location     Type
                  1    wreg      void 
 Registers used:
		wreg, status,2, status,0
 Tracked objects:
		On entry : 
		On exit  : 
		Unchanged: 
 Data sizes:     COMRAM   BANK0   BANK1   BANK2   BANK3   BANK4   BANK5
      Params:         0       0       0       0       0       0       0
      Locals:         0       0       0       0       0       0       0
      Temps:          0       0       0       0       0       0       0
      Totals:         0       0       0       0       0       0       0
Total ram usage:        0 bytes
 Hardware stack levels used:    1
 Hardware stack levels required when called:    1
 This function calls:
		Nothing
 This function is called by:
		_init_config
 This function uses a non-reentrant model


 *************** function _init_i2c *****************
 Defined at:
		line 3 in file "i2c.c"
 Parameters:    Size  Location     Type
		None
 Auto vars:     Size  Location     Type
		None
 Return value:  Size  Location     Type
                  1    wreg      void 
 Registers used:
		wreg, status,2
 Tracked objects:
		On entry : 
		On exit  : 
		Unchanged: 
 Data sizes:     COMRAM   BANK0   BANK1   BANK2   BANK3   BANK4   BANK5
      Params:         0       0       0       0       0       0       0
      Locals:         0       0       0       0       0       0       0
      Temps:          0       0       0       0       0       0       0
      Totals:         0       0       0       0       0       0       0
Total ram usage:        0 bytes
 Hardware stack levels used:    1
 Hardware stack levels required when called:    1
 This function calls:
		Nothing
 This function is called by:
		_init_config
 This function uses a non-reentrant model


 *************** function _init_ds1307 *****************
 Defined at:
		line 11 in file "ds1307.c"
 Parameters:    Size  Location     Type
		None
 Auto vars:     Size  Location     Type
  dummy           1   17[COMRAM] unsigned char 
 Return value:  Size  Location     Type
                  1    wreg      void 
 Registers used:
		wreg, status,2, status,0, cstack
 Tracked objects:
		On entry : 
		On exit  : 
		Unchanged: 
 Data sizes:     COMRAM   BANK0   BANK1   BANK2   BANK3   BANK4   BANK5
      Params:         0       0       0       0       0       0       0
      Locals:         1       0       0       0       0       0       0
      Temps:          0       0       0       0       0       0       0
      Totals:         1       0       0       0       0       0       0
Total ram usage:        1 bytes
 Hardware stack levels used:    1
 Hardware stack levels required when called:    5
 This function calls:
		_read_ds1307
		_write_ds1307
 This function is called by:
		_init_config
 This function uses a non-reentrant model


 *************** function _init_clcd *****************
 Defined at:
		line 27 in file "clcd.c"
 Parameters:    Size  Location     Type
		None
 Auto vars:     Size  Location     Type
		None
 Return value:  Size  Location     Type
                  1    wreg      void 
 Registers used:
		wreg, status,2, status,0, cstack
 Tracked objects:
		On entry : 
		On exit  : 
		Unchanged: 
 Data sizes:     COMRAM   BANK0   BANK1   BANK2   BANK3   BANK4   BANK5
      Params:         0       0       0       0       0       0       0
      Locals:         0       0       0       0       0       0       0
      Temps:          0       0       0       0       0       0       0
      Totals:         0       0       0       0       0       0       0
Total ram usage:        0 bytes
 Hardware stack levels used:    1
 Hardware stack levels required when called:    2
 This function calls:
		_clcd_write
 This function is called by:
		_init_config
 This function uses a non-reentrant model


 *************** function _init_adc *****************
 Defined at:
		line 28 in file "adc.c"
 Parameters:    Size  Location     Type
		None
 Auto vars:     Size  Location     Type
		None
 Return value:  Size  Location     Type
                  1    wreg      void 
 Registers used:
		wreg, status,2
 Tracked objects:
		On entry : 
		On exit  : 
		Unchanged: 
 Data sizes:     COMRAM   BANK0   BANK1   BANK2   BANK3   BANK4   BANK5
      Params:         0       0       0       0       0       0       0
      Locals:         0       0       0       0       0       0       0
      Temps:          0       0       0       0       0       0       0
      Totals:         0       0       0       0       0       0       0
Total ram usage:        0 bytes
 Hardware stack levels used:    1
 Hardware stack levels required when called:    1
 This function calls:
		Nothing
 This function is called by:
		_init_config
 This function uses a non-reentrant model


 *************** function _get_time *****************
 Defined at:
		line 53 in file "clock.c"
 Parameters:    Size  Location     Type
		None
 Auto vars:     Size  Location     Type
		None
 Return value:  Size  Location     Type
                  1    wreg      void 
 Registers used:
		wreg, status,2, status,0, cstack
 Tracked objects:
		On entry : 
		On exit  : 
		Unchanged: 
 Data sizes:     COMRAM   BANK0   BANK1   BANK2   BANK3   BANK4   BANK5
      Params:         0       0       0       0       0       0       0
      Locals:         0       0       0       0       0       0       0
      Temps:          0       0       0       0       0       0       0
      Totals:         0       0       0       0       0       0       0
Total ram usage:        0 bytes
 Hardware stack levels used:    1
 Hardware stack levels required when called:    5
 This function calls:
		_read_ds1307
 This function is called by:
		_main
 This function uses a non-reentrant model


 *************** function _read_ds1307 *****************
 Defined at:
		line 57 in file "ds1307.c"
 Parameters:    Size  Location     Type
  address         1    wreg     unsigned char 
 Auto vars:     Size  Location     Type
  address         1   15[COMRAM] unsigned char 
  data            1   16[COMRAM] unsigned char 
 Return value:  Size  Location     Type
                  1    wreg      unsigned char 
 Registers used:
		wreg, status,2, cstack
 Tracked objects:
		On entry : 
		On exit  : 
		Unchanged: 
 Data sizes:     COMRAM   BANK0   BANK1   BANK2   BANK3   BANK4   BANK5
      Params:         0       0       0       0       0       0       0
      Locals:         2       0       0       0       0       0       0
      Temps:          0       0       0       0       0       0       0
      Totals:         2       0       0       0       0       0       0
Total ram usage:        2 bytes
 Hardware stack levels used:    1
 Hardware stack levels required when called:    4
 This function calls:
		_i2c_read
		_i2c_rep_start
		_i2c_start
		_i2c_stop
		_i2c_write
 This function is called by:
		_get_time
		_init_ds1307
		_get_date
 This function uses a non-reentrant model


 *************** function _i2c_rep_start *****************
 Defined at:
		line 49 in file "i2c.c"
 Parameters:    Size  Location     Type
		None
 Auto vars:     Size  Location     Type
		None
 Return value:  Size  Location     Type
                  1    wreg      void 
 Registers used:
		cstack
 Tracked objects:
		On entry : 
		On exit  : 
		Unchanged: 
 Data sizes:     COMRAM   BANK0   BANK1   BANK2   BANK3   BANK4   BANK5
      Params:         0       0       0       0       0       0       0
      Locals:         0       0       0       0       0       0       0
      Temps:          0       0       0       0       0       0       0
      Totals:         0       0       0       0       0       0       0
Total ram usage:        0 bytes
 Hardware stack levels used:    1
 Hardware stack levels required when called:    2
 This function calls:
		_i2c_idle
 This function is called by:
		_read_ds1307
 This function uses a non-reentrant model


 *************** function _i2c_read *****************
 Defined at:
		line 73 in file "i2c.c"
 Parameters:    Size  Location     Type
		None
 Auto vars:     Size  Location     Type
		None
 Return value:  Size  Location     Type
                  1    wreg      unsigned char 
 Registers used:
		wreg, status,2, cstack
 Tracked objects:
		On entry : 
		On exit  : 
		Unchanged: 
 Data sizes:     COMRAM   BANK0   BANK1   BANK2   BANK3   BANK4   BANK5
      Params:         0       0       0       0       0       0       0
      Locals:         0       0       0       0       0       0       0
      Temps:          0       0       0       0       0       0       0
      Totals:         0       0       0       0       0       0       0
Total ram usage:        0 bytes
 Hardware stack levels used:    1
 Hardware stack levels required when called:    3
 This function calls:
		_i2c_no_ack
		_i2c_rx_mode
 This function is called by:
		_read_ds1307
 This function uses a non-reentrant model


 *************** function _i2c_rx_mode *****************
 Defined at:
		line 61 in file "i2c.c"
 Parameters:    Size  Location     Type
		None
 Auto vars:     Size  Location     Type
		None
 Return value:  Size  Location     Type
                  1    wreg      void 
 Registers used:
		cstack
 Tracked objects:
		On entry : 
		On exit  : 
		Unchanged: 
 Data sizes:     COMRAM   BANK0   BANK1   BANK2   BANK3   BANK4   BANK5
      Params:         0       0       0       0       0       0       0
      Locals:         0       0       0       0       0       0       0
      Temps:          0       0       0       0       0       0       0
      Totals:         0       0       0       0       0       0       0
Total ram usage:        0 bytes
 Hardware stack levels used:    1
 Hardware stack levels required when called:    2
 This function calls:
		_i2c_idle
 This function is called by:
		_i2c_read
 This function uses a non-reentrant model


 *************** function _i2c_no_ack *****************
 Defined at:
		line 67 in file "i2c.c"
 Parameters:    Size  Location     Type
		None
 Auto vars:     Size  Location     Type
		None
 Return value:  Size  Location     Type
                  1    wreg      void 
 Registers used:
		None
 Tracked objects:
		On entry : 
		On exit  : 
		Unchanged: 
 Data sizes:     COMRAM   BANK0   BANK1   BANK2   BANK3   BANK4   BANK5
      Params:         0       0       0       0       0       0       0
      Locals:         0       0       0       0       0       0       0
      Temps:          0       0       0       0       0       0       0
      Totals:         0       0       0       0       0       0       0
Total ram usage:        0 bytes
 Hardware stack levels used:    1
 Hardware stack levels required when called:    1
 This function calls:
		Nothing
 This function is called by:
		_i2c_read
 This function uses a non-reentrant model


 *************** function _display_time *****************
 Defined at:
		line 32 in file "clock.c"
 Parameters:    Size  Location     Type
		None
 Auto vars:     Size  Location     Type
		None
 Return value:  Size  Location     Type
                  1    wreg      void 
 Registers used:
		wreg, fsr0l, fsr0h, status,2, status,0, tblptrl, tblptrh, tblptru, cstack
 Tracked objects:
		On entry : 
		On exit  : 
		Unchanged: 
 Data sizes:     COMRAM   BANK0   BANK1   BANK2   BANK3   BANK4   BANK5
      Params:         0       0       0       0       0       0       0
      Locals:         0       0       0       0       0       0       0
      Temps:          0       0       0       0       0       0       0
      Totals:         0       0       0       0       0       0       0
Total ram usage:        0 bytes
 Hardware stack levels used:    1
 Hardware stack levels required when called:    3
 This function calls:
		_clcd_print
 This function is called by:
		_main
 This function uses a non-reentrant model


 *************** function _display_speed *****************
 Defined at:
		line 80 in file "adc.c"
 Parameters:    Size  Location     Type
  adc_reg_val     2   21[COMRAM] unsigned short 
 Auto vars:     Size  Location     Type
  buff            5   23[COMRAM] unsigned char [5]
  i               1   28[COMRAM] unsigned char 
 Return value:  Size  Location     Type
                  1    wreg      void 
 Registers used:
		wreg, fsr0l, fsr0h, fsr2l, fsr2h, status,2, status,0, tblptrl, tblptrh, tblptru, prodl, prodh, cstack
 Tracked objects:
		On entry : 
		On exit  : 
		Unchanged: 
 Data sizes:     COMRAM   BANK0   BANK1   BANK2   BANK3   BANK4   BANK5
      Params:         2       0       0       0       0       0       0
      Locals:         6       0       0       0       0       0       0
      Temps:          0       0       0       0       0       0       0
      Totals:         8       0       0       0       0       0       0
Total ram usage:        8 bytes
 Hardware stack levels used:    1
 Hardware stack levels required when called:    3
 This function calls:
		___lwdiv
		___lwmod
		_clcd_print
 This function is called by:
		_main
 This function uses a non-reentrant model


 *************** function ___lwmod *****************
 Defined at:
		line 8 in file "/opt/microchip/xc8/v1.36/sources/common/lwmod.c"
 Parameters:    Size  Location     Type
  dividend        2   14[COMRAM] unsigned int 
  divisor         2   16[COMRAM] unsigned int 
 Auto vars:     Size  Location     Type
  counter         1   18[COMRAM] unsigned char 
 Return value:  Size  Location     Type
                  2   14[COMRAM] unsigned int 
 Registers used:
		wreg, status,2, status,0
 Tracked objects:
		On entry : 
		On exit  : 
		Unchanged: 
 Data sizes:     COMRAM   BANK0   BANK1   BANK2   BANK3   BANK4   BANK5
      Params:         4       0       0       0       0       0       0
      Locals:         1       0       0       0       0       0       0
      Temps:          0       0       0       0       0       0       0
      Totals:         5       0       0       0       0       0       0
Total ram usage:        5 bytes
 Hardware stack levels used:    1
 Hardware stack levels required when called:    1
 This function calls:
		Nothing
 This function is called by:
		_save_speed
		_display_speed
 This function uses a non-reentrant model


 *************** function ___lwdiv *****************
 Defined at:
		line 8 in file "/opt/microchip/xc8/v1.36/sources/common/lwdiv.c"
 Parameters:    Size  Location     Type
  dividend        2   14[COMRAM] unsigned int 
  divisor         2   16[COMRAM] unsigned int 
 Auto vars:     Size  Location     Type
  quotient        2   18[COMRAM] unsigned int 
  counter         1   20[COMRAM] unsigned char 
 Return value:  Size  Location     Type
                  2   14[COMRAM] unsigned int 
 Registers used:
		wreg, status,2, status,0
 Tracked objects:
		On entry : 
		On exit  : 
		Unchanged: 
 Data sizes:     COMRAM   BANK0   BANK1   BANK2   BANK3   BANK4   BANK5
      Params:         4       0       0       0       0       0       0
      Locals:         3       0       0       0       0       0       0
      Temps:          0       0       0       0       0       0       0
      Totals:         7       0       0       0       0       0       0
Total ram usage:        7 bytes
 Hardware stack levels used:    1
 Hardware stack levels required when called:    1
 This function calls:
		Nothing
 This function is called by:
		_save_speed
		_display_speed
 This function uses a non-reentrant model


 *************** function _display_menu *****************
 Defined at:
		line 6 in file "display_menu.c"
 Parameters:    Size  Location     Type
		None
 Auto vars:     Size  Location     Type
  menu_list      10    2[BANK0 ] PTR unsigned char [5]
		 -> STR_13(6), STR_12(9), STR_11(9), STR_10(16), 
		 -> STR_9(9), 
  count           2   16[BANK0 ] unsigned short 
  temp            2   13[BANK0 ] unsigned short 
  star            2    0[BANK0 ] unsigned short 
  key             1   15[BANK0 ] unsigned char 
  key1            1   12[BANK0 ] unsigned char 
 Return value:  Size  Location     Type
                  2   90[None  ] int 
 Registers used:
		wreg, fsr0l, fsr0h, fsr1l, fsr1h, fsr2l, fsr2h, status,2, status,0, tblptrl, tblptrh, tblptru, cstack
 Tracked objects:
		On entry : 
		On exit  : 
		Unchanged: 
 Data sizes:     COMRAM   BANK0   BANK1   BANK2   BANK3   BANK4   BANK5
      Params:         0       0       0       0       0       0       0
      Locals:         0      18       0       0       0       0       0
      Temps:          2       0       0       0       0       0       0
      Totals:         2      18       0       0       0       0       0
Total ram usage:       20 bytes
 Hardware stack levels used:    1
 Hardware stack levels required when called:    5
 This function calls:
		_clcd_print
		_clcd_putch
		_clcd_write
		_clear_log
		_download_log
		_password_change
		_read_switches
		_set_time
		_view_log
 This function is called by:
		_main
 This function uses a non-reentrant model


 *************** function _view_log *****************
 Defined at:
		line 105 in file "password_time_change.c"
 Parameters:    Size  Location     Type
		None
 Auto vars:     Size  Location     Type
  add             2   27[COMRAM] short 
  inc_dec         2   24[COMRAM] short 
  count           2   22[COMRAM] short 
  key             1   26[COMRAM] unsigned char 
  key1            1   21[COMRAM] unsigned char 
 Return value:  Size  Location     Type
                  1    wreg      void 
 Registers used:
		wreg, fsr0l, fsr0h, status,2, status,0, tblptrl, tblptrh, tblptru, cstack
 Tracked objects:
		On entry : 
		On exit  : 
		Unchanged: 
 Data sizes:     COMRAM   BANK0   BANK1   BANK2   BANK3   BANK4   BANK5
      Params:         0       0       0       0       0       0       0
      Locals:         8       0       0       0       0       0       0
      Temps:          2       0       0       0       0       0       0
      Totals:        10       0       0       0       0       0       0
Total ram usage:       10 bytes
 Hardware stack levels used:    1
 Hardware stack levels required when called:    3
 This function calls:
		_clcd_print
		_clcd_putch
		_clcd_write
		_read_internal_eeprom
		_read_switches
 This function is called by:
		_display_menu
 This function uses a non-reentrant model


 *************** function _set_time *****************
 Defined at:
		line 15 in file "set_time.c"
 Parameters:    Size  Location     Type
		None
 Auto vars:     Size  Location     Type
  i               4   30[COMRAM] unsigned long 
  i               4   26[COMRAM] unsigned long 
  i               4   22[COMRAM] unsigned long 
  i               4   34[COMRAM] unsigned long 
  new3           16    0        unsigned char [16]
[...]
 *************** function _clcd_putch *****************
 Defined at:
		line 51 in file "clcd.c"
 Parameters:    Size  Location     Type
  data            1    wreg     const unsigned char 
  addr            1   16[COMRAM] unsigned char 
 Auto vars:     Size  Location     Type
  data            1   17[COMRAM] const unsigned char 
 Return value:  Size  Location     Type
                  1    wreg      void 
 Registers used:
		wreg, status,2, cstack
 Tracked objects:
		On entry : 
		On exit  : 
		Unchanged: 
 Data sizes:     COMRAM   BANK0   BANK1   BANK2   BANK3   BANK4   BANK5
      Params:         1       0       0       0       0       0       0
      Locals:         1       0       0       0       0       0       0
      Temps:          0       0       0       0       0       0       0
      Totals:         2       0       0       0       0       0       0
Total ram usage:        2 bytes
 Hardware stack levels used:    1
 Hardware stack levels required when called:    2
 This function calls:
		_clcd_write
 This function is called by:
		_main
		_display_menu
		_password_change
		_view_log
		_password_compare
 This function uses a non-reentrant model


 *************** function _download_log *****************
 Defined at:
		line 11 in file "download_log.c"
 Parameters:    Size  Location     Type
		None
 Auto vars:     Size  Location     Type
  new1           16   17[COMRAM] unsigned char [16]
  i               2   35[COMRAM] short 
  j               2   33[COMRAM] short 
 Return value:  Size  Location     Type
                  2  164[None  ] int 
 Registers used:
		wreg, fsr0l, fsr0h, fsr2l, fsr2h, status,2, status,0, tblptrl, tblptrh, tblptru, cstack
 Tracked objects:
		On entry : 
		On exit  : 
		Unchanged: 
 Data sizes:     COMRAM   BANK0   BANK1   BANK2   BANK3   BANK4   BANK5
      Params:         0       0       0       0       0       0       0
      Locals:        20       0       0       0       0       0       0
      Temps:          0       0       0       0       0       0       0
      Totals:        20       0       0       0       0       0       0
Total ram usage:       20 bytes
 Hardware stack levels used:    1
 Hardware stack levels required when called:    3
 This function calls:
		_init_uart
		_puts
		_read_internal_eeprom
 This function is called by:
		_display_menu
 This function uses a non-reentrant model


 *************** function _read_internal_eeprom *****************
 Defined at:
		line 41 in file "eeprom.c"
 Parameters:    Size  Location     Type
  address         1    wreg     unsigned char 
 Auto vars:     Size  Location     Type
  address         1   14[COMRAM] unsigned char 
 Return value:  Size  Location     Type
                  1    wreg      unsigned char 
 Registers used:
		wreg, status,2
 Tracked objects:
		On entry : 
		On exit  : 
		Unchanged: 
 Data sizes:     COMRAM   BANK0   BANK1   BANK2   BANK3   BANK4   BANK5
      Params:         0       0       0       0       0       0       0
      Locals:         1       0       0       0       0       0       0
      Temps:          0       0       0       0       0       0       0
      Totals:         1       0       0       0       0       0       0
Total ram usage:        1 bytes
 Hardware stack levels used:    1
 Hardware stack levels required when called:    1
 This function calls:
		Nothing
 This function is called by:
		_download_log
		_view_log
		_password_compare
 This function uses a non-reentrant model


 *************** function _puts *****************
 Defined at:
		line 90 in file "uart.c"
 Parameters:    Size  Location     Type
  s               2   15[COMRAM] PTR const unsigned char 
		 -> STR_16(3), download_log@new1(16), STR_15(18), STR_14(18), 
 Auto vars:     Size  Location     Type
		None
 Return value:  Size  Location     Type
                  2   15[COMRAM] int 
 Registers used:
		wreg, fsr0l, fsr0h, status,2, status,0, tblptrl, tblptrh, tblptru, cstack
 Tracked objects:
		On entry : 
		On exit  : 
		Unchanged: 
 Data sizes:     COMRAM   BANK0   BANK1   BANK2   BANK3   BANK4   BANK5
      Params:         2       0       0       0       0       0       0
      Locals:         0       0       0       0       0       0       0
      Temps:          0       0       0       0       0       0       0
      Totals:         2       0       0       0       0       0       0
Total ram usage:        2 bytes
 Hardware stack levels used:    1
 Hardware stack levels required when called:    2
 This function calls:
		_putch
 This function is called by:
		_download_log
 This function uses a non-reentrant model


 *************** function _putch *****************
 Defined at:
		line 79 in file "uart.c"
 Parameters:    Size  Location     Type
  byte            1    wreg     unsigned char 
 Auto vars:     Size  Location     Type
  byte            1   14[COMRAM] unsigned char 
 Return value:  Size  Location     Type
                  1    wreg      void 
 Registers used:
		wreg
 Tracked objects:
		On entry : 
		On exit  : 
		Unchanged: 
 Data sizes:     COMRAM   BANK0   BANK1   BANK2   BANK3   BANK4   BANK5
      Params:         0       0       0       0       0       0       0
      Locals:         1       0       0       0       0       0       0
      Temps:          0       0       0       0       0       0       0
      Totals:         1       0       0       0       0       0       0
Total ram usage:        1 bytes
 Hardware stack levels used:    1
 Hardware stack levels required when called:    1
 This function calls:
		Nothing
 This function is called by:
		_puts
		_getche
 This function uses a non-reentrant model


 *************** function _init_uart *****************
 Defined at:
		line 4 in file "uart.c"
 Parameters:    Size  Location     Type
		None
 Auto vars:     Size  Location     Type
		None
 Return value:  Size  Location     Type
                  1    wreg      void 
 Registers used:
		wreg, status,2
 Tracked objects:
		On entry : 
		On exit  : 
		Unchanged: 
 Data sizes:     COMRAM   BANK0   BANK1   BANK2   BANK3   BANK4   BANK5
      Params:         0       0       0       0       0       0       0
      Locals:         0       0       0       0       0       0       0
      Temps:          0       0       0       0       0       0       0
      Totals:         0       0       0       0       0       0       0
Total ram usage:        0 bytes
 Hardware stack levels used:    1
 Hardware stack levels required when called:    1
 This function calls:
		Nothing
 This function is called by:
		_download_log
 This function uses a non-reentrant model


 *************** function _clear_log *****************
 Defined at:
		line 10 in file "clear_log.c"
 Parameters:    Size  Location     Type
		None
 Auto vars:     Size  Location     Type
  address         2   16[COMRAM] int 
 Return value:  Size  Location     Type
                  2  166[None  ] int 
 Registers used:
		wreg, status,2, status,0, cstack
 Tracked objects:
		On entry : 
		On exit  : 
		Unchanged: 
 Data sizes:     COMRAM   BANK0   BANK1   BANK2   BANK3   BANK4   BANK5
      Params:         0       0       0       0       0       0       0
      Locals:         2       0       0       0       0       0       0
      Temps:          0       0       0       0       0       0       0
      Totals:         2       0       0       0       0       0       0
Total ram usage:        2 bytes
 Hardware stack levels used:    1
 Hardware stack levels required when called:    2
 This function calls:
		_write_internal_eeprom
 This function is called by:
		_display_menu
 This function uses a non-reentrant model


 *************** function _write_internal_eeprom *****************
 Defined at:
		line 4 in file "eeprom.c"
 Parameters:    Size  Location     Type
  address         1    wreg     unsigned char 
  data            1   14[COMRAM] unsigned char 
 Auto vars:     Size  Location     Type
  address         1   15[COMRAM] unsigned char 
 Return value:  Size  Location     Type
                  1    wreg      void 
 Registers used:
		wreg, status,2
 Tracked objects:
		On entry : 
		On exit  : 
		Unchanged: 
 Data sizes:     COMRAM   BANK0   BANK1   BANK2   BANK3   BANK4   BANK5
      Params:         1       0       0       0       0       0       0
      Locals:         1       0       0       0       0       0       0
      Temps:          0       0       0       0       0       0       0
      Totals:         2       0       0       0       0       0       0
Total ram usage:        2 bytes
 Hardware stack levels used:    1
 Hardware stack levels required when called:    1
 This function calls:
		Nothing
 This function is called by:
		_main
		_password_change
		_save_events
		_clear_log
 This function uses a non-reentrant model


 *************** function ___awmod *****************
 Defined at:
		line 8 in file "/opt/microchip/xc8/v1.36/sources/common/awmod.c"
 Parameters:    Size  Location     Type
  dividend        2   14[COMRAM] int 
  divisor         2   16[COMRAM] int 
 Auto vars:     Size  Location     Type
  sign            1   19[COMRAM] unsigned char 
  counter         1   18[COMRAM] unsigned char 
 Return value:  Size  Location     Type
                  2   14[COMRAM] int 
 Registers used:
		wreg, status,2, status,0
 Tracked objects:
		On entry : 
		On exit  : 
		Unchanged: 
 Data sizes:     COMRAM   BANK0   BANK1   BANK2   BANK3   BANK4   BANK5
      Params:         4       0       0       0       0       0       0
      Locals:         2       0       0       0       0       0       0
      Temps:          0       0       0       0       0       0       0
      Totals:         6       0       0       0       0       0       0
Total ram usage:        6 bytes
 Hardware stack levels used:    1
 Hardware stack levels required when called:    1
 This function calls:
		Nothing
 This function is called by:
		_main
 This function uses a non-reentrant model


 *************** function ___awdiv *****************
 Defined at:
		line 8 in file "/opt/microchip/xc8/v1.36/sources/common/awdiv.c"
 Parameters:    Size  Location     Type
  dividend        2   14[COMRAM] int 
  divisor         2   16[COMRAM] int 
 Auto vars:     Size  Location     Type
  quotient        2   20[COMRAM] int 
  sign            1   19[COMRAM] unsigned char 
  counter         1   18[COMRAM] unsigned char 
 Return value:  Size  Location     Type
                  2   14[COMRAM] int 
 Registers used:
		wreg, status,2, status,0
 Tracked objects:
		On entry : 
		On exit  : 
		Unchanged: 
 Data sizes:     COMRAM   BANK0   BANK1   BANK2   BANK3   BANK4   BANK5
      Params:         4       0       0       0       0       0       0
      Locals:         4       0       0       0       0       0       0
      Temps:          0       0       0       0       0       0       0
      Totals:         8       0       0       0       0       0       0
Total ram usage:        8 bytes
 Hardware stack levels used:    1
 Hardware stack levels required when called:    1
 This function calls:
		Nothing
 This function is called by:
		_main
 This function uses a non-reentrant model


 *************** function _ON_OFF_up_down_gear *****************
 Defined at:
		line 100 in file "adc.c"
 Parameters:    Size  Location     Type
  gear            2   19[COMRAM] unsigned short 
 Auto vars:     Size  Location     Type
		None
 Return value:  Size  Location     Type
                  1    wreg      void 
 Registers used:
		wreg, fsr0l, fsr0h, status,2, status,0, tblptrl, tblptrh, tblptru, cstack
 Tracked objects:
		On entry : 
		On exit  : 
		Unchanged: 
 Data sizes:     COMRAM   BANK0   BANK1   BANK2   BANK3   BANK4   BANK5
      Params:         2       0       0       0       0       0       0
      Locals:         0       0       0       0       0       0       0
      Temps:          2       0       0       0       0       0       0
      Totals:         4       0       0       0       0       0       0
Total ram usage:        4 bytes
 Hardware stack levels used:    1
 Hardware stack levels required when called:    3
 This function calls:
		_clcd_print
 This function is called by:
		_main
 This function uses a non-reentrant model


 *************** function _clcd_print *****************
 Defined at:
		line 42 in file "clcd.c"
 Parameters:    Size  Location     Type
  data            2   16[COMRAM] PTR const unsigned char 
		 -> STR_36(4), STR_35(4), STR_34(4), STR_33(4), 
		 -> STR_32(4), STR_31(4), display_speed@buff(5), n_time(9), 
		 -> STR_30(9), STR_29(16), STR_28(19), STR_27(16), 
		 -> STR_26(19), STR_25(18), STR_24(15), STR_23(15), 
		 -> STR_22(24), STR_21(16), STR_20(13), STR_19(16), 
		 -> STR_18(23), STR_17(19), date(11), time(9), 
		 -> STR_13(6), STR_12(9), STR_11(9), STR_10(16), 
		 -> STR_9(9), STR_8(5), STR_7(4), STR_6(4), 
		 -> STR_5(8), STR_4(5), save_array(17), STR_3(4), 
		 -> STR_2(4), STR_1(5), 
  addr            1   18[COMRAM] unsigned char 
 Auto vars:     Size  Location     Type
		None
 Return value:  Size  Location     Type
                  1    wreg      void 
 Registers used:
		wreg, fsr0l, fsr0h, status,2, status,0, tblptrl, tblptrh, tblptru, cstack
 Tracked objects:
		On entry : 
		On exit  : 
		Unchanged: 
 Data sizes:     COMRAM   BANK0   BANK1   BANK2   BANK3   BANK4   BANK5
      Params:         3       0       0       0       0       0       0
      Locals:         0       0       0       0       0       0       0
      Temps:          0       0       0       0       0       0       0
      Totals:         3       0       0       0       0       0       0
Total ram usage:        3 bytes
 Hardware stack levels used:    1
 Hardware stack levels required when called:    2
 This function calls:
		_clcd_write
 This function is called by:
		_main
		_display_menu
		_display_time
		_password_change
		_view_log
		_password_compare
		_set_time
		_display_speed
		_ON_OFF_up_down_gear
		_display_date
 This function uses a non-reentrant model


 *************** function _clcd_write *****************
 Defined at:
		line 4 in file "clcd.c"
 Parameters:    Size  Location     Type
  byte            1    wreg     unsigned char 
  control_bit     1   14[COMRAM] unsigned char 
 Auto vars:     Size  Location     Type
  byte            1   15[COMRAM] unsigned char 
 Return value:  Size  Location     Type
                  1    wreg      void 
 Registers used:
		wreg
 Tracked objects:
		On entry : 
		On exit  : 
		Unchanged: 
 Data sizes:     COMRAM   BANK0   BANK1   BANK2   BANK3   BANK4   BANK5
      Params:         1       0       0       0       0       0       0
      Locals:         1       0       0       0       0       0       0
      Temps:          0       0       0       0       0       0       0
      Totals:         2       0       0       0       0       0       0
Total ram usage:        2 bytes
 Hardware stack levels used:    1
 Hardware stack levels required when called:    1
 This function calls:
		Nothing
 This function is called by:
		_init_clcd
		_clcd_print
		_clcd_putch
		_main
		_display_menu
		_password_change
		_view_log
		_password_compare
		_set_time
 This function uses a non-reentrant model


 *************** function _isr *****************
 Defined at:
		line 4 in file "isr.c"
 Parameters:    Size  Location     Type
		None
 Auto vars:     Size  Location     Type
		None
 Return value:  Size  Location     Type
                  1    wreg      void 
 Registers used:
		wreg, status,2, status,0
 Tracked objects:
		On entry : 
		On exit  : 
		Unchanged: 
 Data sizes:     COMRAM   BANK0   BANK1   BANK2   BANK3   BANK4   BANK5
      Params:         0       0       0       0       0       0       0
      Locals:         0       0       0       0       0       0       0
      Temps:         14       0       0       0       0       0       0
      Totals:        14       0       0       0       0       0       0
Total ram usage:       14 bytes
 Hardware stack levels used:    1
 This function calls:
		Nothing
 This function is called by:
		Interrupt level 2
 This function uses a non-reentrant model



MODULE INFORMATION

Module		Function		Class		Link	Load	Size
download_log.c
		_download_log  		CODE           	1068	0000	157

download_log.c estimated size: 157

clock.c
		_display_time  		CODE           	1928	0000	19
		_get_time      		CODE           	1188	0000	123
		_save_time     		CODE           	12EA	0000	107

clock.c estimated size: 249

matrix_keypad.c
		_init_matrix_keypad		CODE           	1916	0000	19
		_read_switches 		CODE           	170E	0000	67
		_scan_key      		CODE           	1202	0000	121

matrix_keypad.c estimated size: 207

uart.c
		_putch         		CODE           	1982	0000	13
		_init_uart     		CODE           	1750	0000	63
		_puts          		CODE           	15E8	0000	83

uart.c estimated size: 159

/opt/microchip/xc8/v1.36/sources/common/awdiv.c
		___awdiv       		CODE           	1104	0000	133

/opt/microchip/xc8/v1.36/sources/common/awdiv.c estimated size: 133

i2c.c
		_i2c_start     		CODE           	19B0	0000	9
		_i2c_no_ack    		CODE           	19C0	0000	7
		_i2c_rep_start 		CODE           	1998	0000	9
		_i2c_idle      		CODE           	19B8	0000	9
		_i2c_write     		CODE           	1976	0000	13
		_i2c_stop      		CODE           	19A8	0000	9
		_i2c_read      		CODE           	196A	0000	13
		_init_i2c      		CODE           	1900	0000	23
		_i2c_rx_mode   		CODE           	19A0	0000	9

i2c.c estimated size: 101

password_time_change.c
		_view_log      		CODE           	0CB0	0000	459
		_password_change		CODE           	0860	0000	583

password_time_change.c estimated size: 1042

timer0.c
		_init_timer0   		CODE           	194C	0000	17

timer0.c estimated size: 17

ds1307.c
		_read_ds1307   		CODE           	17F0	0000	43
		_write_ds1307  		CODE           	18B0	0000	31
		_init_ds1307   		CODE           	1540	0000	87

ds1307.c estimated size: 161

eeprom.c
		_read_internal_eeprom		CODE           	193A	0000	19
		_write_internal_eeprom		CODE           	1868	0000	39

eeprom.c estimated size: 58

adc.c
		_save_speed    		CODE           	1422	0000	101
		_ON_OFF_up_down_gear		CODE           	0E7A	0000	315
		_display_speed 		CODE           	1354	0000	105
		_init_adc      		CODE           	188E	0000	35
		_read_adc      		CODE           	1842	0000	39

adc.c estimated size: 595

clear_log.c
		_clear_log     		CODE           	17C4	0000	45

clear_log.c estimated size: 45

isr.c
		_isr           		CODE           	0008	0000	195

isr.c estimated size: 195

password_compare.c
		_password_compare		CODE           	060E	0000	595

password_compare.c estimated size: 595

/opt/microchip/xc8/v1.36/sources/common/lwmod.c
		___lwmod       		CODE           	16CC	0000	67

/opt/microchip/xc8/v1.36/sources/common/lwmod.c estimated size: 67

shared
		__initialization		CODE           	13BC	0000	89

shared estimated size: 89

display_menu.c
		_display_menu  		CODE           	0AA6	0000	523

display_menu.c estimated size: 523

clcd.c
		_clcd_write    		CODE           	181A	0000	41
		_clcd_print    		CODE           	1486	0000	97
		_clcd_putch    		CODE           	18E8	0000	25
		_init_clcd     		CODE           	178E	0000	55

clcd.c estimated size: 218

/opt/microchip/xc8/v1.36/sources/common/strcmp.c
		_strcmp        		CODE           	1686	0000	71

/opt/microchip/xc8/v1.36/sources/common/strcmp.c estimated size: 71

set_time.c
		_set_time      		CODE           	001A	0000	845

set_time.c estimated size: 845

save_event.c
		_save_events   		CODE           	163A	0000	77

save_event.c estimated size: 77

/opt/microchip/xc8/v1.36/sources/common/awmod.c
		___awmod       		CODE           	127A	0000	113

/opt/microchip/xc8/v1.36/sources/common/awmod.c estimated size: 113

main.c
		_main          		CODE           	0366	0000	681
		_init_config   		CODE           	18CE	0000	27
		_delay_fun     		CODE           	14E6	0000	91

main.c estimated size: 799

/opt/microchip/xc8/v1.36/sources/common/lwdiv.c
		___lwdiv       		CODE           	1596	0000	83

/opt/microchip/xc8/v1.36/sources/common/lwdiv.c estimated size: 83

